[17:23] жду окончания выгрузки 101-400
[17:38] 1/6 дописываю хвост топ-100
[17:40] 2/6 первичный отбор 11 сетапов по 5 когортам
[18:08] жду окончания выгрузки 101-400
[18:08] 1/6 дописываю хвост топ-100
[18:13] 2/6 первичный отбор 11 сетапов по 5 когортам
[19:08] жду окончания выгрузки 101-400
[19:08] 1/6 дописываю хвост топ-100
[19:12] 2/6 первичный отбор 11 сетапов по 5 когортам
[19:27] commit: screening of main setups by cohorts
[19:27] 3/6 первичный отбор гипотез (готовые файлы tp/hyp) по когортам
[19:29] выгрузка других рынков завершена
[19:29] очередь API: контекст: макро, ETF, onchain
[19:29] очередь API: события ликвидаций с ценой, 5 бирж, 400 монет
[19:34] очередь API: свечи 5m: начало с 2026-03-05
[19:40] commit: screening of implemented hypotheses by cohorts
[19:40] 4/6 перебор с контролем сетапов на OI после исправления
[19:41] очередь API: бары ликвидаций по биржам
[19:49] commit: research with controls after OI fix
[19:49] 5/6 обратная инженерия на 400 монетах
[19:50] очередь API: фандинг 6 бирж
[19:57] очередь API: OI всех бирж 1h
[20:02] очередь API: толпа: top_account и другие биржи
